PS C:\Users\aishwaryap\Desktop\Learnings> git init
Initialized empty Git repository in C:/Users/aishwaryap/Desktop/Learnings/.git/
PS C:\Users\aishwaryap\Desktop\Learnings> git status
On branch master

No commits yet
Untracked files:
  (use "git add <file>..." to include in what will be committed)
        index.js

nothing added to commit but untracked files present (use "git add" to track)
PS C:\Users\aishwaryap\Desktop\Learnings> git add index.js
PS C:\Users\aishwaryap\Desktop\Learnings> git status
On branch master

No commits yet

Changes to be committed:
  (use "git rm --cached <file>..." to unstage)
        new file:   index.js

PS C:\Users\aishwaryap\Desktop\Learnings> git commit -m "initial commit"
 Committer: Aishwarya Patil <AishwaryaP@centiro.se>
Your name and email address were configured automatically based
following command and follow the instructions in your editor to edit
your configuration file:

    git config --global --edit

After doing this, you may fix the identity used for this commit with:


PS C:\Users\aishwaryap\Desktop\Learnings> git status
On branch master
nothing to commit, working tree clean
Enumerating objects: 3, done.
Counting objects: 100% (3/3), done.
Total 3 (delta 0), reused 0 (delta 0), pack-reused 0
To https://github.com/Aishwarya-102001/New_Projects.git
 * [new branch]      master -> master
branch 'master' set up to track 'origin/master'.
PS C:\Users\aishwaryap\Desktop\Learnings>
PS C:\Users\aishwaryap\Desktop\Learnings> git remote set-url origin https://@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github.com/Aishwarya-102001/New_Projects.git
PS C:\Users\aishwaryap\Desktop\Learnings> git push -u origin master
fatal: unable to access 'https://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github.com/Aishwarya-102001/New_Projects.git/': Could 
not resolve host: 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github.com
PS C:\Users\aishwaryap\Desktop\Learnings> git remote set-url origin https://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github.com/Aishwarya-102001/New_Projects.git
PS C:\Users\aishwaryap\Desktop\Learnings> git push -u origin master
fatal: unable to access 'https://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github.com/Aishwarya-102001/New_Projects.git/': Could 
not resolve host: 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github.com
PS C:\Users\aishwaryap\Desktop\Learnings> git status
On branch master
Your branch is up to date with 'origin/master'.

nothing to commit, working tree clean
PS C:\Users\aishwaryap\Desktop\Learnings> 